
184. Executing CHECK pass (checking for obvious problems).
Checking module MaxPeriodFibonacciLFSR_3...
Checking module TageBranchPredictorBank...
Checking module TageTable...
Checking module TageTable_1...
Checking module TageTable_2...
Checking module TageTable_3...
Checking module TageTable_4...
Checking module TageTable_5...
Checking module table_0...
Checking module table_0_0...
Checking module table_0_ext...
Checking module table_1...
Checking module table_1_ext...
Checking module table_2...
Checking module table_3...
Checking module table_4...
Checking module table_ext...
Checking module tage_us...
Checking module tage_us_0...
Checking module tage_us_0_ext...
Checking module tage_us_1...
Checking module tage_us_2...
Checking module tage_us_3...
Checking module tage_us_4...
Checking module tage_us_ext...
Found and reported 0 problems.
