
182. Executing CHECK pass (checking for obvious problems).
Checking module MaxPeriodFibonacciLFSR_3...
Checking module TageBranchPredictorBank...
Checking module TageTable...
Checking module TageTable_1...
Checking module TageTable_2...
Checking module TageTable_3...
Checking module TageTable_4...
Checking module TageTable_5...
Checking module hi_us...
Checking module hi_us_0...
Checking module hi_us_0_ext...
Checking module hi_us_1...
Checking module hi_us_2...
Checking module hi_us_3...
Checking module hi_us_4...
Checking module hi_us_ext...
Checking module lo_us...
Checking module lo_us_0...
Checking module lo_us_1...
Checking module lo_us_2...
Checking module lo_us_3...
Checking module lo_us_4...
Checking module split_hi_us_0_ext...
Checking module split_hi_us_ext...
Checking module table_0...
Checking module table_0_0...
Checking module table_0_ext...
Checking module table_1...
Checking module table_1_ext...
Checking module table_2...
Checking module table_3...
Checking module table_4...
Checking module table_ext...
Found and reported 0 problems.
