
197. Executing CHECK pass (checking for obvious problems).
Checking module AMOALU...
Checking module Arbiter1_Bool...
Checking module Arbiter2_BoomDCacheReqInternal...
Checking module Arbiter2_L1DataWriteReq...
Checking module Arbiter2_L1MetaReadReq...
Checking module Arbiter2_L1MetaWriteReq...
Checking module Arbiter2_LineBufferReadReq...
Checking module Arbiter2_LineBufferWriteReq...
Checking module Arbiter2_TLBundleC_a32d64s2k3z4c...
Checking module Arbiter2_WritebackReq...
Checking module Arbiter3_BoomDCacheResp...
Checking module Arbiter3_BoomL1DataReadReq...
Checking module Arbiter6_BoomL1MetaReadReq...
Checking module BoomDuplicatedDataArray...
Checking module BoomIOMSHR...
Checking module BoomMSHR...
Checking module BoomMSHRFile...
Checking module BoomNonBlockingDCache...
Checking module BoomProbeUnit...
Checking module BoomWritebackUnit...
Checking module BranchKillableQueue...
Checking module BranchKillableQueue_2...
Checking module L1MetadataArray...
Checking module MaxPeriodFibonacciLFSR...
Checking module array_0_0_0...
Checking module array_0_0_0_ext...
Checking module array_1_0_0...
Checking module array_2_0_0...
Checking module array_3_0_0...
Checking module lb_16x64...
Checking module ram_16x46...
Checking module ram_4x65...
Checking module sdq_17x64...
Checking module tag_array...
Checking module tag_array_ext...
Found and reported 0 problems.
