
746. Executing CHECK pass (checking for obvious problems).
Checking module ALUExeUnit...
Checking module ALUExeUnit_1...
Checking module ALUExeUnit_2...
Checking module ALUUnit...
Checking module ALUUnit_1...
Checking module AMOALU...
Checking module Arbiter1_Bool...
Checking module Arbiter2_BoomDCacheReqInternal...
Checking module Arbiter2_BoomL1DataWriteReq...
Checking module Arbiter2_BranchPredictionUpdate...
Checking module Arbiter2_ExeUnitResp...
Checking module Arbiter2_ExeUnitResp_2...
Checking module Arbiter2_L1DataWriteReq...
Checking module Arbiter2_L1MetaReadReq...
Checking module Arbiter2_L1MetaWriteReq...
Checking module Arbiter2_LineBufferReadReq...
Checking module Arbiter2_LineBufferWriteReq...
Checking module Arbiter2_TLBundleC_a32d64s2k3z4c...
Checking module Arbiter2_WritebackReq...
Checking module Arbiter3_BoomDCacheResp...
Checking module Arbiter3_BoomL1DataReadReq...
Checking module Arbiter3_UInt5...
Checking module Arbiter3_Valid_PTWReq...
Checking module Arbiter6_BoomL1MetaReadReq...
Checking module BIMBranchPredictorBank...
Checking module BTBBranchPredictorBank...
Checking module BasicDispatcher...
Checking module BoomCore...
Checking module BoomFrontend...
Checking module BoomIOMSHR...
Checking module BoomMSHR...
Checking module BoomMSHRFile...
Checking module BoomNonBlockingDCache...
Checking module BoomProbeUnit...
Checking module BoomRAS...
Checking module BoomSinglePortDataArray...
Checking module BoomTile...
Checking module BoomWritebackUnit...
Checking module BranchDecode...
Checking module BranchKillableQueue...
Checking module BranchKillableQueue_2...
Checking module BranchKillableQueue_3...
Checking module BranchKillableQueue_4...
Checking module BranchKillableQueue_5...
Checking module BranchMaskGenerationLogic...
Checking module BranchPredictor...
Checking module CSRFile...
Checking module CompareRecFN...
Checking module ComposedBranchPredictorBank...
Checking module DecodeUnit...
Checking module DivSqrtRawFN_small_e11_s53...
Checking module DivSqrtRecFMToRaw_small_e11_s53...
Checking module DivSqrtRecFM_small_e11_s53...
Checking module DivUnit...
Checking module FAMicroBTBBranchPredictorBank...
Checking module FDivSqrtUnit...
Checking module FMADecoder...
Checking module FPToFP...
Checking module FPToInt...
Checking module FPU...
Checking module FPUExeUnit...
Checking module FPUFMAPipe_l4_f32...
Checking module FPUFMAPipe_l4_f64...
Checking module FPUUnit...
Checking module FetchBuffer...
Checking module FetchTargetQueue...
Checking module ForwardingAgeLogic...
Checking module FpPipeline...
Checking module HellaCacheArbiter...
Checking module ICache...
Checking module INToRecFN_i64_e11_s53...
Checking module INToRecFN_i64_e8_s24...
Checking module ITLB...
Checking module IntToFP...
Checking module IntToFPUnit...
Checking module IntXbar_i4_o1...
Checking module IssueSlot...
Checking module IssueSlot_16...
Checking module IssueUnitCollapsing...
Checking module IssueUnitCollapsing_1...
Checking module IssueUnitCollapsing_2...
Checking module L1MetadataArray...
Checking module LSU...
Checking module LoopBranchPredictorBank...
Checking module LoopBranchPredictorColumn...
Checking module MaxPeriodFibonacciLFSR...
Checking module MaxPeriodFibonacciLFSR_3...
Checking module MemAddrCalcUnit...
Checking module MulAddRecFNPipe_l2_e11_s53...
Checking module MulAddRecFNPipe_l2_e8_s24...
Checking module MulAddRecFNToRaw_postMul_e11_s53...
Checking module MulAddRecFNToRaw_postMul_e8_s24...
Checking module MulAddRecFNToRaw_preMul_e11_s53...
Checking module MulAddRecFNToRaw_preMul_e8_s24...
Checking module MulDiv...
Checking module NBDTLB...
Checking module OptimizationBarrier_EntryData...
Checking module OptimizationBarrier_PTE...
Checking module OptimizationBarrier_TLBEntryData...
Checking module OptimizationBarrier_UInt...
Checking module PMAChecker...
Checking module PMPChecker_s3...
Checking module PTW...
Checking module PipelinedMulUnit...
Checking module PipelinedMultiplier...
Checking module Queue1_BranchPredictionBundle...
Checking module Queue1_FetchBundle...
Checking module Queue1_FrontendResp...
Checking module Queue2_BranchPredictionUpdate...
Checking module RVCExpander...
Checking module RecFNToIN_e11_s53_i32...
Checking module RecFNToIN_e11_s53_i64...
Checking module RecFNToRecFN...
Checking module RecFNToRecFN_1...
Checking module RegisterFileSynthesizable...
Checking module RegisterFileSynthesizable_1...
Checking module RegisterRead...
Checking module RegisterReadDecode...
Checking module RegisterReadDecode_1...
Checking module RegisterReadDecode_2...
Checking module RegisterReadDecode_3...
Checking module RegisterRead_1...
Checking module RenameBusyTable...
Checking module RenameBusyTable_1...
Checking module RenameFreeList...
Checking module RenameFreeList_1...
Checking module RenameMapTable...
Checking module RenameMapTable_1...
Checking module RenameStage...
Checking module RenameStage_1...
Checking module Rob...
Checking module RocketALU...
Checking module RoundAnyRawFNToRecFN_ie11_is53_oe8_os24...
Checking module RoundAnyRawFNToRecFN_ie11_is55_oe11_os53...
Checking module RoundAnyRawFNToRecFN_ie7_is64_oe11_os53...
Checking module RoundAnyRawFNToRecFN_ie7_is64_oe8_os24...
Checking module RoundAnyRawFNToRecFN_ie8_is24_oe11_os53...
Checking module RoundAnyRawFNToRecFN_ie8_is26_oe8_os24...
Checking module RoundRawFNToRecFN_e11_s53...
Checking module RoundRawFNToRecFN_e8_s24...
Checking module TLXbar_MasterXbar_BoomTile_i2_o1_a32d64s3k3z4c...
Checking module TageBranchPredictorBank...
Checking module TageTable...
Checking module TageTable_1...
Checking module TageTable_2...
Checking module TageTable_3...
Checking module TageTable_4...
Checking module TageTable_5...
Checking module UOPCodeFDivDecoder...
Checking module UOPCodeFPUDecoder...
Checking module array_0_0...
Checking module array_0_0_ext...
Checking module array_1_0...
Checking module array_2_0...
Checking module array_3_0...
Checking module btb_0...
Checking module btb_0_ext...
Checking module btb_1...
Checking module data...
Checking module dataArrayWay_0...
Checking module dataArrayWay_0_ext...
Checking module dataArrayWay_1...
Checking module dataArrayWay_2...
Checking module dataArrayWay_3...
Checking module data_ext...
Checking module ebtb...
Checking module ebtb_ext...
Checking module ghist_0...
Checking module ghist_0_ext...
Checking module ghist_1...
Checking module lb_16x64...
Checking module meta_0...
Checking module meta_0_0...
Checking module meta_0_ext...
Checking module meta_1...
Checking module ram_16x46...
Checking module ram_2x281...
Checking module ram_3x78...
Checking module ram_4x65...
Checking module ram_6x78...
Checking module ram_8x78...
Checking module regfile_48x65...
Checking module regfile_80x64...
Checking module sdq_17x64...
Checking module table_0...
Checking module table_0_0...
Checking module table_0_ext...
Checking module table_1...
Checking module table_1_ext...
Checking module table_2...
Checking module table_3...
Checking module table_4...
Checking module table_ext...
Checking module tag_array...
Checking module tag_array_0...
Checking module tag_array_0_ext...
Checking module tag_array_ext...
Checking module tage_us...
Checking module tage_us_0...
Checking module tage_us_0_ext...
Checking module tage_us_1...
Checking module tage_us_2...
Checking module tage_us_3...
Checking module tage_us_4...
Checking module tage_us_ext...
Found and reported 0 problems.
