
516. Executing CHECK pass (checking for obvious problems).
Checking module Arbiter2_BranchPredictionUpdate...
Checking module BIMBranchPredictorBank...
Checking module BTBBranchPredictorBank...
Checking module BoomFrontend...
Checking module BoomRAS...
Checking module BranchDecode...
Checking module BranchPredictor...
Checking module ComposedBranchPredictorBank...
Checking module FAMicroBTBBranchPredictorBank...
Checking module FetchBuffer...
Checking module FetchTargetQueue...
Checking module ICache...
Checking module ITLB...
Checking module LoopBranchPredictorBank...
Checking module LoopBranchPredictorColumn...
Checking module MaxPeriodFibonacciLFSR...
Checking module MaxPeriodFibonacciLFSR_3...
Checking module OptimizationBarrier_TLBEntryData...
Checking module PMAChecker...
Checking module PMPChecker_s3...
Checking module Queue1_BranchPredictionBundle...
Checking module Queue1_FetchBundle...
Checking module Queue1_FrontendResp...
Checking module Queue2_BranchPredictionUpdate...
Checking module RVCExpander...
Checking module TageBranchPredictorBank...
Checking module TageTable...
Checking module TageTable_1...
Checking module TageTable_2...
Checking module TageTable_3...
Checking module TageTable_4...
Checking module TageTable_5...
Checking module btb_0...
Checking module btb_0_ext...
Checking module btb_1...
Checking module data...
Checking module dataArrayWay_0...
Checking module dataArrayWay_0_ext...
Checking module dataArrayWay_1...
Checking module dataArrayWay_2...
Checking module dataArrayWay_3...
Checking module data_ext...
Checking module ebtb...
Checking module ebtb_ext...
Checking module ghist_0...
Checking module ghist_0_ext...
Checking module ghist_1...
Checking module meta_0...
Checking module meta_0_0...
Checking module meta_0_ext...
Checking module meta_1...
Checking module ram_2x281...
Checking module table_0...
Checking module table_0_0...
Checking module table_0_ext...
Checking module table_1...
Checking module table_1_ext...
Checking module table_2...
Checking module table_3...
Checking module table_4...
Checking module table_ext...
Checking module tag_array_0...
Checking module tag_array_0_ext...
Checking module tage_us...
Checking module tage_us_0...
Checking module tage_us_0_ext...
Checking module tage_us_1...
Checking module tage_us_2...
Checking module tage_us_3...
Checking module tage_us_4...
Checking module tage_us_ext...
Found and reported 0 problems.
