
208. Executing CHECK pass (checking for obvious problems).
Checking module Arbiter2_ExeUnitResp...
Checking module BranchKillableQueue_4...
Checking module BranchKillableQueue_5...
Checking module CompareRecFN...
Checking module DivSqrtRawFN_small_e11_s53...
Checking module DivSqrtRecFMToRaw_small_e11_s53...
Checking module DivSqrtRecFM_small_e11_s53...
Checking module FDivSqrtUnit...
Checking module FMADecoder...
Checking module FPToFP...
Checking module FPToInt...
Checking module FPU...
Checking module FPUExeUnit...
Checking module FPUFMAPipe_l4_f32...
Checking module FPUFMAPipe_l4_f64...
Checking module FPUUnit...
Checking module FpPipeline...
Checking module IssueSlot...
Checking module IssueUnitCollapsing...
Checking module MulAddRecFNPipe_l2_e11_s53...
Checking module MulAddRecFNPipe_l2_e8_s24...
Checking module MulAddRecFNToRaw_postMul_e11_s53...
Checking module MulAddRecFNToRaw_postMul_e8_s24...
Checking module MulAddRecFNToRaw_preMul_e11_s53...
Checking module MulAddRecFNToRaw_preMul_e8_s24...
Checking module RecFNToIN_e11_s53_i32...
Checking module RecFNToIN_e11_s53_i64...
Checking module RecFNToRecFN...
Checking module RecFNToRecFN_1...
Checking module RegisterFileSynthesizable...
Checking module RegisterRead...
Checking module RegisterReadDecode...
Checking module RoundAnyRawFNToRecFN_ie11_is53_oe8_os24...
Checking module RoundAnyRawFNToRecFN_ie11_is55_oe11_os53...
Checking module RoundAnyRawFNToRecFN_ie8_is24_oe11_os53...
Checking module RoundAnyRawFNToRecFN_ie8_is26_oe8_os24...
Checking module RoundRawFNToRecFN_e11_s53...
Checking module RoundRawFNToRecFN_e8_s24...
Checking module UOPCodeFDivDecoder...
Checking module UOPCodeFPUDecoder...
Checking module ram_3x78...
Checking module ram_8x78...
Checking module regfile_48x65...
Found and reported 0 problems.
