
173. Executing CHECK pass (checking for obvious problems).
Checking module Arbiter1_Bool...
Checking module Arbiter2_BoomDCacheReqInternal...
Checking module Arbiter2_L1DataWriteReq...
Checking module Arbiter2_L1MetaReadReq...
Checking module Arbiter2_L1MetaWriteReq...
Checking module Arbiter2_LineBufferReadReq...
Checking module Arbiter2_LineBufferWriteReq...
Checking module Arbiter2_WritebackReq...
Checking module Arbiter3_BoomDCacheResp...
Checking module BoomIOMSHR...
Checking module BoomMSHR...
Checking module BoomMSHRFile...
Checking module BranchKillableQueue...
Checking module BranchKillableQueue_2...
Checking module lb_16x64...
Checking module ram_16x46...
Checking module ram_4x65...
Checking module sdq_17x64...
Found and reported 0 problems.
